// Jest Snapshot v1, https://goo.gl/fbAQLP

exports[`Categories component renders properly without crashing 1`] = `
<div>
  <div
    style={
      Object {
        "background": "grey",
        "backgroundColor": "#EEEEEE",
        "color": "white",
      }
    }
  >
    <NavigationBar />
  </div>
  <div
    className="empty-div"
  />
  <div
    className="categories-parent-background"
  >
    <div
      className="categories-container"
    >
      <div
        className="grid"
      >
        <ToastContainer
          autoClose={5000}
          bodyClassName=""
          className={null}
          closeButton={
            <DefaultCloseButton
              ariaLabel="close"
            />
          }
          closeOnClick={true}
          hideProgressBar={false}
          newestOnTop={false}
          pauseOnHover={true}
          position="top-right"
          progressClassName=""
          style={null}
          toastClassName=""
          transition={[Function]}
        />
        <Row
          bsClass="row"
          componentClass="div"
        >
          <Col
            bsClass="col"
            componentClass="div"
            sm={12}
          >
            <Breadcrumb
              bsClass="breadcrumb"
            >
              <BreadcrumbItem
                active={true}
                href="#"
              >
                Categories/
              </BreadcrumbItem>
            </Breadcrumb>
          </Col>
        </Row>
        <Form
          bsClass="form"
          componentClass="form"
          horizontal={false}
          inline={false}
          onSubmit={[Function]}
        >
          <Row
            bsClass="row"
            componentClass="div"
            style={
              Object {
                "float": "right",
              }
            }
          >
            <Col
              bsClass="col"
              componentClass="div"
              sm={8}
            >
              <input
                className="form-control"
                id="mysearch"
                onChange={[Function]}
                placeholder="search recipes"
                type="search"
              />
            </Col>
            <Col
              bsClass="col"
              componentClass="div"
              sm={3}
            >
              <Button
                active={false}
                block={false}
                bsClass="btn"
                bsStyle="info"
                disabled={false}
                onClick={[Function]}
              >
                Search 
              </Button>
            </Col>
          </Row>
        </Form>
        <Row
          bsClass="row"
          componentClass="div"
        >
          <Col
            bsClass="col"
            componentClass="div"
            sm={4}
          >
            <Button
              active={false}
              block={false}
              bsClass="btn"
              bsStyle="info"
              className="add-categories-btn"
              disabled={false}
              onClick={[Function]}
            >
               
              <span>
                 Add recipe category 
              </span>
               
            </Button>
          </Col>
        </Row>
        <div>
          <ReusableModal
            btn_name="Add Category"
            category_placeholder=" Category Name "
            category_state="Add Category"
            current_state={[Function]}
            method={[Function]}
            method_state={false}
            onChange={[Function]}
          />
          <Modal
            animation={true}
            autoFocus={true}
            backdrop={true}
            bsClass="modal"
            className="modal-fade"
            dialogComponentClass={[Function]}
            enforceFocus={true}
            keyboard={true}
            manager={
              ModalManager {
                "add": [Function],
                "containers": Array [],
                "data": Array [],
                "handleContainerOverflow": true,
                "hideSiblingNodes": true,
                "isTopModal": [Function],
                "modals": Array [],
                "remove": [Function],
              }
            }
            onHide={[Function]}
            renderBackdrop={[Function]}
            restoreFocus={true}
            show={false}
          >
            <form
              onSubmit={[Function]}
            >
              <ModalHeader
                bsClass="modal-header"
                closeButton={false}
                closeLabel="Close"
              >
                <ModalTitle
                  bsClass="modal-title"
                  componentClass="h4"
                >
                   Are you sure you want to delete this category? 
                </ModalTitle>
              </ModalHeader>
              <ModalBody
                bsClass="modal-body"
                componentClass="div"
              >
                <center>
                   
                </center>
              </ModalBody>
              <ModalFooter
                bsClass="modal-footer"
                componentClass="div"
              >
                <Button
                  active={false}
                  block={false}
                  bsClass="btn"
                  bsStyle="info"
                  disabled={false}
                  onClick={[Function]}
                >
                  Cancel
                </Button>
                <InputGroupButton
                  bsClass="input-group-btn"
                >
                  <Button
                    active={false}
                    block={false}
                    bsClass="btn"
                    bsStyle="danger"
                    disabled={false}
                    type="submit"
                  >
                    delete
                  </Button>
                </InputGroupButton>
              </ModalFooter>
            </form>
          </Modal>
          <ReusableModal
            btn_name="Update"
            category_placeholder=""
            category_state="Edit Category"
            category_value=""
            current_state={[Function]}
            method={[Function]}
            onChange={[Function]}
          />
        </div>
        <Row
          bsClass="row"
          componentClass="div"
        />
        <div
          className="alert alert-danger"
        >
          No categories on this land, kindly add them 
        </div>
        <Paginator
          next={[Function]}
          previous={[Function]}
        />
      </div>
    </div>
  </div>
  <div
    className="empty-div"
  />
  <Footer />
</div>
`;
