// Jest Snapshot v1, https://goo.gl/fbAQLP

exports[`ReusableModal component renders properly without crashing 1`] = `
<Modal
  animation={true}
  autoFocus={true}
  backdrop={true}
  bsClass="modal"
  className="modal-fade"
  dialogComponentClass={[Function]}
  enforceFocus={true}
  keyboard={true}
  manager={
    ModalManager {
      "add": [Function],
      "containers": Array [],
      "data": Array [],
      "handleContainerOverflow": true,
      "hideSiblingNodes": true,
      "isTopModal": [Function],
      "modals": Array [],
      "remove": [Function],
    }
  }
  onHide={[Function]}
  renderBackdrop={[Function]}
  restoreFocus={true}
  show={false}
>
  <form>
    <ModalHeader
      bsClass="modal-header"
      closeButton={false}
      closeLabel="Close"
    >
      <ModalTitle
        bsClass="modal-title"
        componentClass="h4"
      >
         
          
      </ModalTitle>
    </ModalHeader>
    <ModalBody
      bsClass="modal-body"
      componentClass="div"
    >
      <div
        className="form-group"
      >
        <label
          className="col-md-4 control-label"
          htmlFor="Category_name"
        >
          Category Name
        </label>
        <div
          className="col-md-8"
        >
          <input
            className="form-control"
            id="new_cat"
            type="text"
          />
        </div>
      </div>
    </ModalBody>
    <ModalFooter
      bsClass="modal-footer"
      componentClass="div"
    >
      <InputGroupButton
        bsClass="input-group-btn"
      >
        <Button
          active={false}
          block={false}
          bsClass="btn"
          bsStyle="info"
          disabled={false}
          type="submit"
        >
           
           
        </Button>
      </InputGroupButton>
      <Button
        active={false}
        block={false}
        bsClass="btn"
        bsStyle="danger"
        disabled={false}
      >
         Cancel
      </Button>
    </ModalFooter>
  </form>
</Modal>
`;
