// Jest Snapshot v1, https://goo.gl/fbAQLP

exports[`Login component renders properly without crashing 1`] = `
<Route
  render={[Function]}
/>
`;
