// Jest Snapshot v1, https://goo.gl/fbAQLP

exports[`RecipeModal component renders properly without crashing 1`] = `
<Modal
  animation={true}
  autoFocus={true}
  backdrop={true}
  bsClass="modal"
  className="modal-fade"
  dialogComponentClass={[Function]}
  enforceFocus={true}
  keyboard={true}
  manager={
    ModalManager {
      "add": [Function],
      "containers": Array [],
      "data": Array [],
      "handleContainerOverflow": true,
      "hideSiblingNodes": true,
      "isTopModal": [Function],
      "modals": Array [],
      "remove": [Function],
    }
  }
  onHide={[Function]}
  renderBackdrop={[Function]}
  restoreFocus={true}
  show={false}
>
  <form>
    <ModalHeader
      bsClass="modal-header"
      closeButton={false}
      closeLabel="Close"
    >
      <ModalTitle
        bsClass="modal-title"
        componentClass="h4"
      >
         
         
      </ModalTitle>
    </ModalHeader>
    <ModalBody
      bsClass="modal-body"
      componentClass="div"
    >
      <div
        className="form-group"
      >
        <label
          className="col-md-6 control-label"
          htmlFor="recipe_name"
        >
          Recipe Name
        </label>
        <div
          className="col-md-12"
        >
          <input
            className="form-control"
            id="recipe_name"
            type="text"
          />
        </div>
        <label
          className="col-md-6 control-label"
          htmlFor="recipe_ingredients"
        >
          Recipe Ingredients
        </label>
        <div
          className="col-md-12"
        >
          <textarea
            className="form-control"
            cols="50"
            id="recipe_ingredients"
            rows="4"
          />
        </div>
        <label
          className="col-md-6 control-label"
          htmlFor="recipe_methods"
        >
          Recipe Methods
        </label>
        <div
          className="col-md-12"
        >
          <textarea
            className="form-control"
            cols="50"
            id="recipe_methods"
            rows="4"
          />
        </div>
      </div>
    </ModalBody>
    <ModalFooter
      bsClass="modal-footer"
      componentClass="div"
    >
      <Button
        active={false}
        block={false}
        bsClass="btn"
        bsStyle="success"
        disabled={false}
        id="recipe_modal_button"
        type="submit"
      >
         
         
      </Button>
      <Button
        active={false}
        block={false}
        bsClass="btn"
        bsStyle="info"
        disabled={false}
        id="cancel"
      >
         Cancel
      </Button>
    </ModalFooter>
  </form>
</Modal>
`;
